player_spawn Knight_tex 4 -0 0 4.71239
floor_tile_large dungeon 44 0 12 0
floor_tile_large dungeon 44 4 12 0
floor_tile_large dungeon 40 0 12 0
floor_tile_large dungeon 40 4 12 0
floor_tile_large dungeon 36 0 12 0
floor_tile_large dungeon 36 4 12 0
floor_tile_large dungeon 28 0 12 0
floor_tile_large dungeon 28 4 12 0
floor_tile_large dungeon 20 0 12 0
floor_tile_large dungeon 20 4 12 0
floor_tile_large dungeon 20 4 12 0
floor_tile_large dungeon 12 0 12 0
floor_tile_large dungeon 12 4 12 0
floor_tile_large dungeon 8 0 12 0
floor_tile_large dungeon 8 4 12 0
floor_tile_large dungeon 8 4 12 0
wall dungeon 44 4 12 0
wall dungeon 40 4 12 0
wall dungeon 36 4 12 0
wall dungeon 32 4 12 0
wall dungeon 28 4 12 0
wall dungeon 28 4 8 0
wall dungeon 24 4 12 0
wall dungeon 24 4 8 0
wall_corner dungeon -0 4 12 4.71239
floor_tile_large dungeon 16 0 8 0
floor_tile_large dungeon 16 4 8 0
floor_tile_large dungeon 24 0 8 0
floor_tile_large dungeon 24 4 8 0
floor_tile_large dungeon 24 4 8 0
wall dungeon -0 0 8 4.71239
wall_corner dungeon 0 4 8 4.71239
wall dungeon 4 4 8 0
wall dungeon 8 4 8 0
wall dungeon 12 4 8 0
wall dungeon 12 4 4 0
wall dungeon 12 4 4 0
wall dungeon 16 4 8 0
wall dungeon 20 4 8 0
wall dungeon 24 4 8 0
wall dungeon 24 4 4 0
wall dungeon 24 4 4 0
wall dungeon 20 4 4 0
wall dungeon 24 4 4 0
wall dungeon 28 4 8 0
wall dungeon 28 4 4 0
wall dungeon 32 4 8 0
wall dungeon 36 4 8 0
wall dungeon 40 4 8 0
wall dungeon 44 4 8 0
wall dungeon 0 0 4 4.71239
wall_corner dungeon -0 4 4 4.71239
wall dungeon 4 4 4 0
wall dungeon 8 4 4 0
wall dungeon 12 4 4 0
wall dungeon 12 4 0 0
wall dungeon 16 4 4 0
wall dungeon 20 4 4 0
wall dungeon 24 4 4 0
wall dungeon 28 4 4 0
floor_tile_large dungeon 32 -0 8 1.5708
floor_tile_large dungeon 36 4 8 0
wall dungeon 44 4 0 0
floor_tile_large dungeon 44 -0 4 4.71239
wall dungeon 40 4 0 0
wall dungeon 36 4 0 0
wall dungeon 32 4 0 0
wall dungeon 24 4 0 0
wall dungeon 28 4 0 0
wall dungeon 20 4 0 0
wall dungeon 16 4 0 0
wall dungeon 12 4 0 0
wall dungeon 8 4 0 0
wall dungeon 4 4 0 0
wall_corner dungeon 0 4 0 4.71239
floor_tile_large dungeon 36 4 0 3.14159
floor_tile_large dungeon 40 4 0 3.14159
floor_tile_large dungeon 32 4 0 3.14159
floor_tile_large dungeon 28 4 0 3.14159
floor_tile_large dungeon 24 4 0 3.14159
wall dungeon 20 4 12 0
floor_tile_large dungeon 20 4 0 3.14159
wall dungeon 16 4 12 0
floor_tile_large dungeon 16 4 0 3.14159
wall dungeon 12 4 12 0
floor_tile_large dungeon 12 4 0 3.14159
wall dungeon 8 4 12 0
floor_tile_large dungeon 8 4 0 3.14159
floor_tile_large dungeon 32 4 8 0
wall dungeon 4 4 12 0
floor_tile_large dungeon 4 4 0 3.14159
floor_tile_large dungeon 36 0 8 0
wall dungeon 0 0 12 4.71239
floor_tile_large dungeon 0 4 0 3.14159
floor_tile_large dungeon 40 0 8 4.71239
floor_tile_large dungeon 0 0 8 0
floor_tile_large dungeon 36 -0 0 0
floor_tile_large dungeon 40 4 8 4.71239
floor_tile_large dungeon 0 4 8 0
floor_tile_large dungeon 32 -0 0 0
floor_tile_large dungeon 44 4 4 1.5708
floor_tile_large dungeon 4 4 8 0
floor_tile_large dungeon 28 -0 0 0
floor_tile_large dungeon 24 -0 0 0
wall dungeon 32 4 4 3.14159
floor_tile_large dungeon 8 4 8 0
floor_tile_large dungeon 20 -0 0 0
wall dungeon 36 4 4 3.14159
floor_tile_large dungeon 4 0 8 0
floor_tile_large dungeon 12 -0 0 0
wall dungeon 40 4 4 3.14159
floor_tile_large dungeon 8 -0 0 0
wall dungeon 44 4 4 0
floor_tile_large dungeon 8 0 8 0
floor_tile_large dungeon 4 -0 0 0
wall dungeon 32 4 0 3.14159
floor_tile_large dungeon 16 -0 0 0
wall dungeon 0 0 0 4.71239
floor_tile_large dungeon 40 0 0 0
floor_tile_large dungeon 16 4 8 0
floor dungeon 0 0 0 0
